# df 查看磁盘空间使用情况

> disk free 剩余磁盘，列出系统的整体磁盘的使用量，检查文件系统的磁盘空间占用情况

```shell
df 选项
选项：
-h 	以GBytes，MBytes，KBytes显示

示例：
[root@hadoop100 tartest]# df -h
Filesystem      Size  Used Avail Use% Mounted on
/dev/sda2        15G  3.6G   11G  26% /
tmpfs           996M   72K  996M   1% /dev/shm
/dev/sda1        93M   39M   50M  44% /boot
```



# fdisk 查看分区

该命令在root用户下使用

```shell
fdisk -l 
选项：
-l	显示所有硬盘的分区情况
	
示例：
[root@hadoop100 tartest]# fdisk -l

Disk /dev/sda: 21.5 GB, 21474836480 bytes
255 heads, 63 sectors/track, 2610 cylinders
Units = cylinders of 16065 * 512 = 8225280 bytes
Sector size (logical/physical): 512 bytes / 512 bytes
I/O size (minimum/optimal): 512 bytes / 512 bytes
Disk identifier: 0x000e985b

   Device Boot      Start         End      Blocks   Id  System
/dev/sda1   *           1          13      102400   83  Linux
Partition 1 does not end on cylinder boundary.
/dev/sda2              13        1972    15728640   83  Linux
/dev/sda3            1972        2233     2097152   82  Linux swap / Solaris
```

Linux分区：

- Device：分区序列
- Boot：引导
- Start：从X磁柱开始
- End：到Y磁柱结束
- Id：分区类型id	
- System：分区类型



# mount/umount 挂载/卸载

> 在Linux中，每个分区都是用来组成整个文件系统的一部分，使用挂载的处理方法，整个系统包含一整套文件和目录，将一个分区和一个目录联系起来。要载入的那个分区将使它的存储空间在整个目录下获得

```shell
mount [-t vfstype][-o options] device dir
	挂载设备
umount 设备名称或挂载点
	卸载设备

参数：
-t vfstype 
	指定文件系统的类型，通常不用指定，mount会自动选择正确的类型
	常用类型：
		光盘或光盘镜像：iso9660
		DOS fat16文件系统 msdos
		Windows 9x fat32 文件系统 vfat
		Windows NT ntfs 文件系统 ntfs
		Mount Windows 文件网络共享 smbfs
		UNIX(LINUX) 文件网络共享 nfs
-o options
	主要用来描述设备或档案的挂接方式
	loop 把一个文件当成银盘分区挂接上系统
	ro 采用只读的方式挂接设备
	rw 采用读写的方式挂接设备
	iocharset 指定访问文件系统所用字符集
device	要挂接的设备 mount
dir		设备在系统上的挂节点 mount point

示例：挂载光盘镜像文件
[root@hadoop100 home]# mount -t iso9660 /dev/cdrom /home/cdrom
mount: block device /dev/sr0 is write-protected, mounting read-only
[root@hadoop100 home]# cd cdrom/
[root@hadoop100 cdrom]# ll
总用量 558
-r--r--r--. 2 root root     14 5月  22 2016 CentOS_BuildTag
dr-xr-xr-x. 3 root root   2048 5月  22 2016 EFI
-r--r--r--. 2 root root    212 11月 27 2013 EULA
-r--r--r--. 2 root root  18009 11月 27 2013 GPL
dr-xr-xr-x. 3 root root   2048 5月  23 2016 images
...
# 卸载
[root@hadoop100 home]# umount /home/cdrom/
```

设置开机自动挂载

```shell
vi /etc/fstab
# 添加第16行
...
14 sysfs                   /sys                    sysfs   defaults        0 0
15 proc                    /proc                   proc    defaults        0 0
16 /dev/cdrom              /home/cdrom             iso9660 defaults        0 0
```



